15:47:01 **** Incremental Build of configuration Debug for project STM32_UART_2 ****
make -j9 all 
arm-none-eabi-gcc "../Core/Src/main.c" -mcpu=cortex-m4 -std=gnu11 -g3 -DDEBUG -DUSE_HAL_DRIVER -DSTM32F411xE -c -I../Core/Inc -I../Drivers/STM32F4xx_HAL_Driver/Inc -I../Drivers/STM32F4xx_HAL_Driver/Inc/Legacy -I../Drivers/CMSIS/Device/ST/STM32F4xx/Include -I../Drivers/CMSIS/Include -O0 -ffunction-sections -fdata-sections -Wall -fstack-usage -fcyclomatic-complexity -MMD -MP -MF"Core/Src/main.d" -MT"Core/Src/main.o" --specs=nano.specs -mfpu=fpv4-sp-d16 -mfloat-abi=hard -mthumb -o "Core/Src/main.o"
arm-none-eabi-gcc -o "STM32_UART_2.elf" @"objects.list"   -mcpu=cortex-m4 -T"/Users/hanieh.sabahi/Documents/repository/STM32_UART_2/STM32_UART_2/STM32F411RETX_FLASH.ld" --specs=nosys.specs -Wl,-Map="STM32_UART_2.map" -Wl,--gc-sections -static --specs=nano.specs -mfpu=fpv4-sp-d16 -mfloat-abi=hard -mthumb -Wl,--start-group -lc -lm -Wl,--end-group
Finished building target: STM32_UART_2.elf
 
arm-none-eabi-size  STM32_UART_2.elf 
arm-none-eabi-objdump -h -S STM32_UART_2.elf  > "STM32_UART_2.list"
   text	   data	    bss	    dec	    hex	filename
  17324	    104	   2128	  19556	   4c64	STM32_UART_2.elf
Finished building: default.size.stdout
 
Finished building: STM32_UART_2.list
 
15:47:14 **** Incremental Build of configuration Debug for project STM32_UART_2 ****
make -j9 all 
arm-none-eabi-size  STM32_UART_2.elf 
   text	   data	    bss	    dec	    hex	filename
  17324	    104	   2128	  19556	   4c64	STM32_UART_2.elf
Finished building: default.size.stdout
 
15:52:11 **** Incremental Build of configuration Debug for project STM32_UART_2 ****
make -j9 all 
arm-none-eabi-size  STM32_UART_2.elf 
   text	   data	    bss	    dec	    hex	filename
  17324	    104	   2128	  19556	   4c64	STM32_UART_2.elf
Finished building: default.size.stdout
 
15:52:49 **** Incremental Build of configuration Debug for project STM32_UART_2 ****
make -j9 all 
arm-none-eabi-size  STM32_UART_2.elf 
   text	   data	    bss	    dec	    hex	filename
  17324	    104	   2128	  19556	   4c64	STM32_UART_2.elf
Finished building: default.size.stdout
 
15:59:52 **** Incremental Build of configuration Debug for project STM32_UART_2 ****
make -j9 all 
arm-none-eabi-gcc "../Core/Src/main.c" -mcpu=cortex-m4 -std=gnu11 -g3 -DDEBUG -DUSE_HAL_DRIVER -DSTM32F411xE -c -I../Core/Inc -I../Drivers/STM32F4xx_HAL_Driver/Inc -I../Drivers/STM32F4xx_HAL_Driver/Inc/Legacy -I../Drivers/CMSIS/Device/ST/STM32F4xx/Include -I../Drivers/CMSIS/Include -O0 -ffunction-sections -fdata-sections -Wall -fstack-usage -fcyclomatic-complexity -MMD -MP -MF"Core/Src/main.d" -MT"Core/Src/main.o" --specs=nano.specs -mfpu=fpv4-sp-d16 -mfloat-abi=hard -mthumb -o "Core/Src/main.o"
arm-none-eabi-gcc -o "STM32_UART_2.elf" @"objects.list"   -mcpu=cortex-m4 -T"/Users/hanieh.sabahi/Documents/repository/STM32_UART_2/STM32_UART_2/STM32F411RETX_FLASH.ld" --specs=nosys.specs -Wl,-Map="STM32_UART_2.map" -Wl,--gc-sections -static --specs=nano.specs -mfpu=fpv4-sp-d16 -mfloat-abi=hard -mthumb -Wl,--start-group -lc -lm -Wl,--end-group
Finished building target: STM32_UART_2.elf
 
arm-none-eabi-size  STM32_UART_2.elf 
arm-none-eabi-objdump -h -S STM32_UART_2.elf  > "STM32_UART_2.list"
   text	   data	    bss	    dec	    hex	filename
  15776	    104	   2128	  18008	   4658	STM32_UART_2.elf
Finished building: default.size.stdout
 
Finished building: STM32_UART_2.list
 
